[2026-06-06T14:26:27.058+0000] {manager.py:469} INFO - Processing files using up to 1 processes at a time 
[2026-06-06T14:26:27.058+0000] {manager.py:470} INFO - Process each file at most once every 30 seconds
[2026-06-06T14:26:27.058+0000] {manager.py:471} INFO - Checking for new files in /opt/airflow/dags every 300 seconds
[2026-06-06T14:26:27.058+0000] {manager.py:738} INFO - Searching for files in /opt/airflow/dags
[2026-06-06T14:26:27.058+0000] {manager.py:741} INFO - There are 0 files in /opt/airflow/dags
[2026-06-06T14:31:27.515+0000] {manager.py:738} INFO - Searching for files in /opt/airflow/dags
[2026-06-06T14:31:27.516+0000] {manager.py:741} INFO - There are 0 files in /opt/airflow/dags
[2026-06-06T14:36:28.231+0000] {manager.py:738} INFO - Searching for files in /opt/airflow/dags
[2026-06-06T14:36:28.232+0000] {manager.py:741} INFO - There are 0 files in /opt/airflow/dags
[2026-06-06T14:41:28.637+0000] {manager.py:738} INFO - Searching for files in /opt/airflow/dags
[2026-06-06T14:41:28.643+0000] {manager.py:741} INFO - There are 0 files in /opt/airflow/dags
[2026-06-06T14:46:29.250+0000] {manager.py:738} INFO - Searching for files in /opt/airflow/dags
[2026-06-06T14:46:29.251+0000] {manager.py:741} INFO - There are 0 files in /opt/airflow/dags
[2026-06-06T14:51:29.438+0000] {manager.py:738} INFO - Searching for files in /opt/airflow/dags
[2026-06-06T14:51:29.439+0000] {manager.py:741} INFO - There are 0 files in /opt/airflow/dags
[2026-06-06T14:56:29.539+0000] {manager.py:738} INFO - Searching for files in /opt/airflow/dags
[2026-06-06T14:56:29.539+0000] {manager.py:741} INFO - There are 0 files in /opt/airflow/dags
[2026-06-06T15:01:29.695+0000] {manager.py:738} INFO - Searching for files in /opt/airflow/dags
[2026-06-06T15:01:29.695+0000] {manager.py:741} INFO - There are 0 files in /opt/airflow/dags
[2026-06-06T15:06:29.919+0000] {manager.py:738} INFO - Searching for files in /opt/airflow/dags
[2026-06-06T15:06:29.919+0000] {manager.py:741} INFO - There are 0 files in /opt/airflow/dags
[2026-06-06T15:11:29.953+0000] {manager.py:738} INFO - Searching for files in /opt/airflow/dags
[2026-06-06T15:11:29.954+0000] {manager.py:741} INFO - There are 0 files in /opt/airflow/dags
[2026-06-06T15:16:29.965+0000] {manager.py:738} INFO - Searching for files in /opt/airflow/dags
[2026-06-06T15:16:29.966+0000] {manager.py:741} INFO - There are 0 files in /opt/airflow/dags
[2026-06-06T15:21:30.359+0000] {manager.py:738} INFO - Searching for files in /opt/airflow/dags
[2026-06-06T15:21:30.360+0000] {manager.py:741} INFO - There are 0 files in /opt/airflow/dags
[2026-06-06T15:26:31.199+0000] {manager.py:738} INFO - Searching for files in /opt/airflow/dags
[2026-06-06T15:26:31.200+0000] {manager.py:741} INFO - There are 0 files in /opt/airflow/dags
[2026-06-06T15:31:31.626+0000] {manager.py:738} INFO - Searching for files in /opt/airflow/dags
[2026-06-06T15:31:31.628+0000] {manager.py:741} INFO - There are 0 files in /opt/airflow/dags
[2026-06-06T15:36:31.753+0000] {manager.py:738} INFO - Searching for files in /opt/airflow/dags
[2026-06-06T15:36:31.755+0000] {manager.py:741} INFO - There are 0 files in /opt/airflow/dags
