[0m18:36:44.299501 [debug] [MainThread]: Sending event: {'category': 'dbt', 'action': 'invocation', 'label': 'start', 'context': [<snowplow_tracker.self_describing_json.SelfDescribingJson object at 0x73573f3689e0>, <snowplow_tracker.self_describing_json.SelfDescribingJson object at 0x73573f5d1f70>, <snowplow_tracker.self_describing_json.SelfDescribingJson object at 0x73573f369cd0>]}


============================== 18:36:44.324674 | 13d06589-5f7d-4838-8686-462ef2bd3104 ==============================
[0m18:36:44.324674 [info ] [MainThread]: Running with dbt=1.11.11
[0m18:36:44.324945 [debug] [MainThread]: running dbt with arguments {'use_experimental_parser': 'False', 'version_check': 'True', 'log_path': 'logs', 'fail_fast': 'False', 'empty': 'None', 'printer_width': '80', 'introspect': 'True', 'log_format': 'default', 'warn_error_options': 'WarnErrorOptionsV2(error=[], warn=[], silence=[])', 'warn_error': 'None', 'quiet': 'False', 'log_cache_events': 'False', 'target_path': 'None', 'no_print': 'None', 'invocation_command': 'dbt init child_mortality', 'use_colors': 'True', 'send_anonymous_usage_stats': 'True', 'indirect_selection': 'eager', 'partial_parse': 'True', 'write_json': 'True', 'debug': 'False', 'profiles_dir': '/home/benny/.dbt', 'static_parser': 'True', 'cache_selected_only': 'False'}
[0m18:36:44.353740 [info ] [MainThread]: Creating dbt configuration folder at /home/benny/.dbt
[0m18:36:44.355406 [debug] [MainThread]: Starter project path: /home/benny/project/data-platform/.venv/lib/python3.12/site-packages/dbt/include/starter_project
[0m18:36:44.362990 [info ] [MainThread]: 
Your new dbt project "child_mortality" was created!

For more information on how to configure the profiles.yml file,
please consult the dbt documentation here:

  https://docs.getdbt.com/docs/configure-your-profile

One more thing:

Need help? Don't hesitate to reach out to us via GitHub issues or on Slack:

  https://community.getdbt.com/

Happy modeling!

[0m18:36:44.363279 [info ] [MainThread]: Setting up your profile.
[0m18:37:08.594806 [info ] [MainThread]: Profile child_mortality written to /home/benny/.dbt/profiles.yml using target's sample configuration. Once updated, you'll be able to start developing with dbt.
[0m18:37:08.595903 [debug] [MainThread]: Resource report: {"command_name": "init", "command_success": true, "command_wall_clock_time": 24.343575, "process_in_blocks": "136632", "process_kernel_time": 0.175577, "process_mem_max_rss": "137684", "process_out_blocks": "1808", "process_user_time": 0.77644}
[0m18:37:08.596201 [debug] [MainThread]: Command `dbt init` succeeded at 18:37:08.596148 after 24.34 seconds
[0m18:37:08.596392 [debug] [MainThread]: Sending event: {'category': 'dbt', 'action': 'invocation', 'label': 'end', 'context': [<snowplow_tracker.self_describing_json.SelfDescribingJson object at 0x73573f813ce0>, <snowplow_tracker.self_describing_json.SelfDescribingJson object at 0x73573eaea7e0>, <snowplow_tracker.self_describing_json.SelfDescribingJson object at 0x73573eaeb6b0>]}
[0m18:37:08.596637 [debug] [MainThread]: Flushing usage events
[0m18:37:09.002122 [debug] [MainThread]: An error was encountered while trying to flush usage events
